2026-06-03 19:34:11  INFO      __main__ — ============================================================
2026-06-03 19:34:11  INFO      __main__ — FRAUD ETL PIPELINE — starting run
2026-06-03 19:34:11  INFO      __main__ — ============================================================
2026-06-03 19:34:11  INFO      __main__ — [1/3] EXTRACT — generating 10000 raw transactions
2026-06-03 19:34:11  DEBUG     src.extract — Generating 10000 synthetic transactions with seed=42
2026-06-03 19:34:11  DEBUG     src.extract — Raw data shape: (10100, 11) | Fraud rate: 3.11%
2026-06-03 19:34:11  INFO      __main__ —       Extracted 10100 rows, 11 columns
2026-06-03 19:34:11  INFO      __main__ — [2/3] TRANSFORM — cleaning & engineering features
2026-06-03 19:34:11  DEBUG     src.transform — Running Stage 1 — Data Quality (10100 rows in)
2026-06-03 19:34:11  DEBUG     src.transform —   drop_duplicates: removed 97 rows
2026-06-03 19:34:11  DEBUG     src.transform —   drop_null_amounts: removed 200 rows
2026-06-03 19:34:11  DEBUG     src.transform —   remove_invalid_amounts: removed 50 rows (range: $0.01–$9999.99)
2026-06-03 19:34:11  DEBUG     src.transform — Stage 1 complete — 9753 rows out
2026-06-03 19:34:11  DEBUG     src.transform — Running Stage 2 — Feature Engineering (9753 rows in)
2026-06-03 19:34:11  DEBUG     src.transform —   high_amount threshold (p95): $581.47
2026-06-03 19:34:11  DEBUG     src.transform — Stage 2 complete — 17 columns out
2026-06-03 19:34:11  INFO      __main__ —       Transformed to 9753 rows, 17 columns
2026-06-03 19:34:11  INFO      __main__ — [3/3] LOAD — writing to SQLite + CSV
2026-06-03 19:34:11  DEBUG     src.load —   SQLite: wrote 9753 rows to 'transactions' table
2026-06-03 19:34:11  DEBUG     src.load —   SQLite: wrote risk_summary table (24 rows)
2026-06-03 19:34:11  DEBUG     src.load —   CSV: wrote 9753 rows to data/processed/transactions_clean.csv
2026-06-03 19:34:11  DEBUG     src.load —   HIGH-RISK CSV: 51 alerts written to data/processed/high_risk_alerts.csv
2026-06-03 19:34:11  INFO      __main__ —       Rows loaded:    9753
2026-06-03 19:34:11  INFO      __main__ —       CSV written to: data/processed/transactions_clean.csv
2026-06-03 19:34:11  INFO      __main__ —       DB written to:  data/processed/transactions.db
2026-06-03 19:34:11  INFO      __main__ — ============================================================
2026-06-03 19:34:11  INFO      __main__ — Pipeline complete. High-risk transactions: 51 (0.5%)
2026-06-03 19:34:11  INFO      __main__ — ============================================================
